// Jest Snapshot v1, https://goo.gl/fbAQLP

exports[`SuccessfulSentModal SuccessfulSentModal should render correctly 1`] = `
<Modal
  animationType="none"
  deviceHeight={null}
  deviceWidth={null}
  hardwareAccelerated={false}
  hideModalContentWhileAnimating={false}
  onBackdropPress={[Function]}
  onModalHide={[Function]}
  onModalWillHide={[Function]}
  onModalWillShow={[Function]}
  onRequestClose={[Function]}
  onSwipeComplete={[Function]}
  panResponderThreshold={4}
  scrollHorizontal={false}
  scrollOffset={0}
  scrollOffsetMax={0}
  scrollTo={null}
  supportedOrientations={
    Array [
      "portrait",
      "landscape",
    ]
  }
  swipeThreshold={100}
  testID="modal"
  transparent={true}
  visible={true}
>
  <View
    accessible={true}
    focusable={true}
    forwardedRef={[Function]}
    onClick={[Function]}
    onResponderGrant={[Function]}
    onResponderMove={[Function]}
    onResponderRelease={[Function]}
    onResponderTerminate={[Function]}
    onResponderTerminationRequest={[Function]}
    onStartShouldSetResponder={[Function]}
    style={
      Object {
        "backgroundColor": "black",
        "bottom": 0,
        "height": 1334,
        "left": 0,
        "opacity": 0,
        "position": "absolute",
        "right": 0,
        "top": 0,
        "width": 750,
      }
    }
  />
  <View
    deviceHeight={null}
    deviceWidth={null}
    forwardedRef={[Function]}
    hideModalContentWhileAnimating={false}
    onBackdropPress={[Function]}
    onModalHide={[Function]}
    onModalWillHide={[Function]}
    onModalWillShow={[Function]}
    onSwipeComplete={[Function]}
    panResponderThreshold={4}
    pointerEvents="box-none"
    scrollHorizontal={false}
    scrollOffset={0}
    scrollOffsetMax={0}
    scrollTo={null}
    style={
      Object {
        "flex": 1,
        "justifyContent": "flex-end",
        "margin": 0,
        "transform": Array [
          Object {
            "translateY": 1334,
          },
        ],
      }
    }
    supportedOrientations={
      Array [
        "portrait",
        "landscape",
      ]
    }
    swipeThreshold={100}
  >
    <View
      style={
        Array [
          Object {
            "alignItems": "center",
            "backgroundColor": "white",
            "borderColor": "rgba(0, 0, 0, 0.1)",
            "borderRadius": 4,
            "justifyContent": "center",
            "padding": 22,
          },
          Object {
            "borderTopLeftRadius": 30,
            "borderTopRightRadius": 30,
          },
        ]
      }
    >
      <View
        accessible={true}
        collapsable={false}
        focusable={true}
        onBlur={[Function]}
        onClick={[Function]}
        onFocus={[Function]}
        onResponderGrant={[Function]}
        onResponderMove={[Function]}
        onResponderRelease={[Function]}
        onResponderTerminate={[Function]}
        onResponderTerminationRequest={[Function]}
        onStartShouldSetResponder={[Function]}
        style={
          Object {
            "width": "100%",
          }
        }
      >
        <View
          style={
            Object {
              "alignSelf": "center",
              "backgroundColor": "#d5dee4",
              "borderRadius": 2,
              "height": 6,
              "width": 72,
            }
          }
        />
      </View>
      <View
        style={
          Object {
            "alignItems": "center",
            "height": 330,
            "justifyContent": "center",
            "width": "100%",
          }
        }
      >
        <View
          style={
            Array [
              Object {
                "overflow": "hidden",
              },
              Object {
                "alignSelf": "center",
                "aspectRatio": 1,
                "height": 130,
                "top": 0,
              },
            ]
          }
        >
          <FastImageView
            resizeMode="cover"
            source={
              Object {
                "testUri": "../../../src/Assets/send.png",
              }
            }
            style={
              Object {
                "bottom": 0,
                "left": 0,
                "position": "absolute",
                "right": 0,
                "top": 0,
              }
            }
          />
        </View>
        <Text
          style={
            Object {
              "fontFamily": "NotoSerif-SemiBold",
              "fontSize": 21,
              "letterSpacing": 0.4,
              "marginVertical": 15,
              "textAlign": "center",
            }
          }
        >
          Your monthly Contribution 
 has been changed
        </Text>
        <View
          accessible={true}
          collapsable={false}
          focusable={true}
          nativeID="animatedComponent"
          onClick={[Function]}
          onResponderGrant={[Function]}
          onResponderMove={[Function]}
          onResponderRelease={[Function]}
          onResponderTerminate={[Function]}
          onResponderTerminationRequest={[Function]}
          onStartShouldSetResponder={[Function]}
          style={
            Object {
              "alignContent": "center",
              "alignItems": "center",
              "alignSelf": "stretch",
              "borderColor": "#eeeeee",
              "borderRadius": 28,
              "borderWidth": 1,
              "flexDirection": "row",
              "flexGrow": 0,
              "height": 56,
              "justifyContent": "center",
              "marginTop": 20,
              "opacity": 1,
              "paddingHorizontal": 50,
              "width": "100%",
            }
          }
        >
          <Text
            style={
              Object {
                "color": "#001a36",
                "fontFamily": "NunitoSans-Regular",
                "fontSize": 18,
                "fontWeight": "normal",
                "letterSpacing": 0,
                "textAlign": "center",
              }
            }
          >
            OK
          </Text>
        </View>
      </View>
    </View>
  </View>
</Modal>
`;
